// Jest Snapshot v1, https://goo.gl/fbAQLP

exports[`matches the snapshot 1`] = `
<div>
  <div
    class="MuiContainer-root MuiContainer-maxWidthLg css-1f2kw6w-MuiContainer-root"
  >
    <div
      class="MuiGrid-root MuiGrid-container css-11lq3yg-MuiGrid-root"
    >
      <div
        class="MuiGrid-root MuiGrid-item MuiGrid-grid-xs-12 css-1idn90j-MuiGrid-root"
      >
        <div
          class="MuiPaper-root MuiPaper-elevation MuiPaper-rounded MuiPaper-elevation1 css-t5ouwv-MuiPaper-root"
        >
          <h2>
            About Me
          </h2>
          <p>
            My name is Babak Mehrabi and I did this task as an interview task for Wire.
          </p>
          <p>
            If you have any question or comment regarding this project, you can write me an email:
            <br />
            <b>
              b.mehrabi.91 [at] gmail.com
            </b>
          </p>
        </div>
      </div>
    </div>
  </div>
</div>
`;
